D:\Yashwanth\HTW_Berlin\Self_Learnings\Nodejs\Expressjs_ContactManagerApp\mycontacts-backend>npm init
This utility will walk you through creating a package.json file.
It only covers the most common items, and tries to guess sensible defaults.

See `npm help init` for definitive documentation on these fields
and exactly what they do.

Use `npm install <pkg>` afterwards to install a package and
save it as a dependency in the package.json file.

Press ^C at any time to quit.
package name: (mycontacts-backend) mycontacts-backend-api
version: (1.0.0)
description: This is my ExpressJS project for my contacts backend API.
entry point: (index.js) server.js
test command:
git repository:
keywords:
author: Yashwanth Pindi
license: (ISC) MIT
About to write to D:\Yashwanth\HTW_Berlin\Self_Learnings\Nodejs\Expressjs_ContactManagerApp\mycontacts-backend\package.json:

{
"name": "mycontacts-backend-api",
"version": "1.0.0",
"description": "This is my ExpressJS project for my contacts backend API.",
"main": "server.js",
"scripts": {
"test": "echo \"Error: no test specified\" && exit 1"
},
"author": "Yashwanth Pindi",
"license": "MIT"
}

Is this OK? (yes) y

D:\Yashwanth\HTW_Berlin\Self_Learnings\Nodejs\Expressjs_ContactManagerApp\mycontacts-backend>
D:\Yashwanth\HTW_Berlin\Self_Learnings\Nodejs\Expressjs_ContactManagerApp\mycontacts-backend>

D:\Yashwanth\HTW_Berlin\Self_Learnings\Nodejs\Expressjs_ContactManagerApp\mycontacts-backend>
D:\Yashwanth\HTW_Berlin\Self_Learnings\Nodejs\Expressjs_ContactManagerApp\mycontacts-backend>npm install express

added 68 packages, and audited 69 packages in 12s

14 packages are looking for funding
run `npm fund` for details

found 0 vulnerabilities

D:\Yashwanth\HTW_Berlin\Self_Learnings\Nodejs\Expressjs_ContactManagerApp\mycontacts-backend>
D:\Yashwanth\HTW_Berlin\Self_Learnings\Nodejs\Expressjs_ContactManagerApp\mycontacts-backend>
D:\Yashwanth\HTW_Berlin\Self_Learnings\Nodejs\Expressjs_ContactManagerApp\mycontacts-backend>

D:\Yashwanth\HTW_Berlin\Self_Learnings\Nodejs\Expressjs_ContactManagerApp\mycontacts-backend>npm i express-async-handler

added 1 package, and audited 100 packages in 2s

19 packages are looking for funding
run `npm fund` for details

found 0 vulnerabilities

D:\Yashwanth\HTW_Berlin\Self_Learnings\Nodejs\Expressjs_ContactManagerApp\mycontacts-backend>

D:\Yashwanth\HTW_Berlin\Self_Learnings\Nodejs\Expressjs_ContactManagerApp\mycontacts-backend>
D:\Yashwanth\HTW_Berlin\Self_Learnings\Nodejs\Expressjs_ContactManagerApp\mycontacts-backend>
D:\Yashwanth\HTW_Berlin\Self_Learnings\Nodejs\Expressjs_ContactManagerApp\mycontacts-backend>
D:\Yashwanth\HTW_Berlin\Self_Learnings\Nodejs\Expressjs_ContactManagerApp\mycontacts-backend>
D:\Yashwanth\HTW_Berlin\Self_Learnings\Nodejs\Expressjs_ContactManagerApp\mycontacts-backend>npm i mongoose

added 20 packages, and audited 120 packages in 7s

20 packages are looking for funding
run `npm fund` for details

found 0 vulnerabilities

D:\Yashwanth\HTW_Berlin\Self_Learnings\Nodejs\Expressjs_ContactManagerApp\mycontacts-backend>
D:\Yashwanth\HTW_Berlin\Self_Learnings\Nodejs\Expressjs_ContactManagerApp\mycontacts-backend>
D:\Yashwanth\HTW_Berlin\Self_Learnings\Nodejs\Expressjs_ContactManagerApp\mycontacts-backend>

D:\Yashwanth\HTW_Berlin\Self_Learnings\Nodejs\Expressjs_ContactManagerApp\mycontacts-backend>
D:\Yashwanth\HTW_Berlin\Self_Learnings\Nodejs\Expressjs_ContactManagerApp\mycontacts-backend>
D:\Yashwanth\HTW_Berlin\Self_Learnings\Nodejs\Expressjs_ContactManagerApp\mycontacts-backend>
D:\Yashwanth\HTW_Berlin\Self_Learnings\Nodejs\Expressjs_ContactManagerApp\mycontacts-backend>
D:\Yashwanth\HTW_Berlin\Self_Learnings\Nodejs\Expressjs_ContactManagerApp\mycontacts-backend>npm i bcrypt
npm WARN deprecated inflight@1.0.6: This module is not supported, and leaks memory. Do not use it. Check out lru-cache if you want a good and tested way to coalesce async requests by a key value, which is much more comprehensive and powerful.
npm WARN deprecated npmlog@5.0.1: This package is no longer supported.
npm WARN deprecated rimraf@3.0.2: Rimraf versions prior to v4 are no longer supported
npm WARN deprecated glob@7.2.3: Glob versions prior to v9 are no longer supported
npm WARN deprecated are-we-there-yet@2.0.0: This package is no longer supported.
npm WARN deprecated gauge@3.0.2: This package is no longer supported.

added 54 packages, and audited 174 packages in 14s

23 packages are looking for funding
run `npm fund` for details

found 0 vulnerabilities

D:\Yashwanth\HTW_Berlin\Self_Learnings\Nodejs\Expressjs_ContactManagerApp\mycontacts-backend>
D:\Yashwanth\HTW_Berlin\Self_Learnings\Nodejs\Expressjs_ContactManagerApp\mycontacts-backend>

D:\Yashwanth\HTW_Berlin\Self_Learnings\Nodejs\Expressjs_ContactManagerApp\mycontacts-backend>
D:\Yashwanth\HTW_Berlin\Self_Learnings\Nodejs\Expressjs_ContactManagerApp\mycontacts-backend>
D:\Yashwanth\HTW_Berlin\Self_Learnings\Nodejs\Expressjs_ContactManagerApp\mycontacts-backend>npm i jsonwebtoken

added 13 packages, and audited 187 packages in 8s

23 packages are looking for funding
run `npm fund` for details

found 0 vulnerabilities

D:\Yashwanth\HTW_Berlin\Self_Learnings\Nodejs\Expressjs_ContactManagerApp\mycontacts-backend>
D:\Yashwanth\HTW_Berlin\Self_Learnings\Nodejs\Expressjs_ContactManagerApp\mycontacts-backend>
